// Jest Snapshot v1, https://goo.gl/fbAQLP

exports[`App component renders App 1`] = `
<DocumentFragment>
  <a
    href="/map"
  >
    Link to add your map image and burn pile sizes
  </a>
  <br />
  <a
    href="/"
  >
    Home Page
  </a>
  <br />
  <a
    href="/all"
  >
    Get all of your maps
  </a>
</DocumentFragment>
`;
